// Jest Snapshot v1, https://goo.gl/fbAQLP

exports[`should render empty 1`] = `
<div>
  <div>
    No Data
  </div>
</div>
`;

exports[`should render multi page table 1`] = `
<div>
  <div>
    No Data
  </div>
</div>
`;

exports[`should render one page table 1`] = `
<div>
  <div />
  <table>
    <caption>
      One page
    </caption>
    <thead>
      <tr>
        <th
          scope="col"
        >
          Movie
        </th>
        <th
          scope="col"
        >
          Overview
        </th>
        <th
          scope="col"
        >
          Rating
        </th>
      </tr>
    </thead>
    <tbody>
      <tr>
        <td
          data-label="Movie"
        />
        <td
          data-label="Overview"
        >
          Frank Drebin is persuaded out of retirement to go undercover in a state prison. There he is to find out what top terrorist, Rocco, has planned for when he escapes. Frank's wife, Jane, is desperate for a baby.. this adds to Frank's problems. A host of celebrities at the Academy awards ceremony are humiliated by Frank as he blunders his way trying to foil Rocco.
        </td>
        <td
          data-label="Rating"
        >
          6.5
        </td>
      </tr>
      <tr>
        <td
          data-label="Movie"
        />
        <td
          data-label="Overview"
        >
          Bumbling cop Frank Drebin is out to foil the big boys in the energy industry, who intend to suppress technology that will put them out of business.
        </td>
        <td
          data-label="Rating"
        >
          6.8
        </td>
      </tr>
      <tr>
        <td
          data-label="Movie"
        />
        <td
          data-label="Overview"
        >
          When the incompetent Officer Frank Drebin seeks the ruthless killer of his partner, he stumbles upon an attempt to assassinate Queen Elizabeth.
        </td>
        <td
          data-label="Rating"
        >
          7.2
        </td>
      </tr>
      <tr>
        <td
          data-label="Movie"
        />
        <td
          data-label="Overview"
        >
          Don Pablo Salazar steals a fortune in jewels from an Indian tribe and an Aztec medicine man puts a curse on the jewels until they are returned. Years later, an American insurance man promises to deliver the Salazar fortune to the rightful heir...
        </td>
        <td
          data-label="Rating"
        >
          9
        </td>
      </tr>
      <tr>
        <td
          data-label="Movie"
        />
        <td
          data-label="Overview"
        >
          A Tokyo newspaper reporter goes after the Japanese king of cocaine trafficking but he's tricked by a woman who works for the gangster and gets framed for a murder he didn't commit.
        </td>
        <td
          data-label="Rating"
        >
          0
        </td>
      </tr>
    </tbody>
  </table>
  <div>
    Finish
  </div>
  <button
    class="leo-task-to-top"
  >
    <span
      class="text"
    >
      backToTopButton
    </span>
    <i
      aria-hidden="true"
      class="fa fa-arrow-up"
    />
  </button>
</div>
`;
