// Jest Snapshot v1, https://goo.gl/fbAQLP

exports[`should call onSearchValueChanged 1`] = `
<div>
  <div
    class="leo-task-search-field"
  >
    <span>
      search icon
    </span>
    <input
      class="leo-task-search-input-field"
      placeholder="Search for a movie..."
      type="text"
      value=""
    />
    <div />
  </div>
</div>
`;

exports[`should render 1`] = `
<div>
  <div
    class="leo-task-search-field"
  >
    <span>
      search icon
    </span>
    <input
      class="leo-task-search-input-field"
      placeholder="Search for a movie..."
      type="text"
      value=""
    />
    <div />
  </div>
</div>
`;
